Message: Interface/AddOns/DiscoBard/State.lua:165: attempt to perform arithmetic on local 'healthCurrent' (a secret number value tainted by 'DiscoBard')
Time: Mon Apr  6 14:20:07 2026
Count: 1
Stack:
[Interface/AddOns/DiscoBard/State.lua]:165: in function <Interface/AddOns/DiscoBard/State.lua:155>
[Interface/AddOns/DiscoBard/State.lua]:204: in function 'GetDisplayUnits'
[Interface/AddOns/DiscoBard/Frames.lua]:265: in function 'Refresh'
[Interface/AddOns/DiscoBard/Commands.lua]:101: in function '?'
[Interface/AddOns/Blizzard_ChatFrameBase/Shared/ChatFrameEditBox.lua]:259: in function 'ParseText'
[Interface/AddOns/Blizzard_ChatFrameBase/Shared/ChatFrameEditBox.lua]:284: in function 'SendText'
[Interface/AddOns/Blizzard_ChatFrameBase/Shared/ChatFrameEditBox.lua]:407: in function <...s/Blizzard_ChatFrameBase/Shared/ChatFrameEditBox.lua:403>

Locals:
unit = "player"
connected = true
dead = false
ghost = false
healthCurrent = <no value>
healthMax = 306700
healthPct = 0
threatStatus = 0
(*temporary) = 0
(*temporary) = nil
(*temporary) = 0
(*temporary) = nil
(*temporary) = nil
(*temporary) = "attempt to perform arithmetic on local 'healthCurrent' (a secret number value tainted by 'DiscoBard')"
ns = <table> {
 Commands = <table> {
 }
 Addon = Frame {
 }
 Frames = <table> {
 }
 Constants = <table> {
 }
 State = <table> {
 }
 addonName = "DiscoBard"
 Events = <table> {
 }
 Config = <table> {
 }
 UnitOrder = <table> {
 }
 Auras = <table> {
 }
 Filters = <table> {
 }
}
##
Message: Interface/AddOns/DiscoBard/State.lua:165: attempt to perform arithmetic on local 'healthCurrent' (a secret number value tainted by 'DiscoBard')
Time: Mon Apr  6 14:20:07 2026
Count: 108
Stack:
[Interface/AddOns/DiscoBard/State.lua]:165: in function <Interface/AddOns/DiscoBard/State.lua:155>
[Interface/AddOns/DiscoBard/State.lua]:204: in function 'GetDisplayUnits'
[Interface/AddOns/DiscoBard/Frames.lua]:265: in function 'Refresh'
[Interface/AddOns/DiscoBard/Events.lua]:38: in function <Interface/AddOns/DiscoBard/Events.lua:37>

Locals:
unit = "player"
connected = true
dead = false
ghost = false
healthCurrent = <no value>
healthMax = 306700
healthPct = 0
threatStatus = 0
(*temporary) = 0
(*temporary) = nil
(*temporary) = 0
(*temporary) = nil
(*temporary) = nil
(*temporary) = "attempt to perform arithmetic on local 'healthCurrent' (a secret number value tainted by 'DiscoBard')"
ns = <table> {
 Commands = <table> {
 }
 Addon = Frame {
 }
 Frames = <table> {
 }
 Constants = <table> {
 }
 State = <table> {
 }
 addonName = "DiscoBard"
 Events = <table> {
 }
 Config = <table> {
 }
 UnitOrder = <table> {
 }
 Auras = <table> {
 }
 Filters = <table> {
 }
}
